{"languages":{"smt":"smtlib_2va"},"segmented_path_condition":[{"callback":null,"path_cond_segment":[{"constraint":"@__RAW__(*/enter-scope/*)","followed_value":true},{"constraint":"@__RAW__(*/decl-var/* **seirVar_+)","followed_value":true},{"constraint":"@__RAW__(*/decl-var/* **seirVar_if)","followed_value":true},{"constraint":"@__RAW__(*/decl-var/* **seirVar_true)","followed_value":true},{"constraint":"@__RAW__(*/decl-var/* **seirVar_false)","followed_value":true},{"constraint":"@__RAW__(*/decl-var/* **seirVar_int=)","followed_value":true},{"constraint":"@__RAW__(*/enter-scope/*)","followed_value":true},{"constraint":"@__RAW__(*/enter-scope/*)","followed_value":true},{"constraint":"@__RAW__(*/decl-var/* **seirVar_inc)","followed_value":true},{"constraint":"@__RAW__(*/decl-var/* **seirVar_eks)","followed_value":true},{"constraint":"@__RAW__(*/decl-var/* **seirVar_inc)","followed_value":true},{"constraint":"@__RAW__(*/decl-var/* **seirVar_four)","followed_value":true},{"constraint":"@__RAW__(*/decl-var/* **seirVar_yy)","followed_value":true},{"constraint":"@__RAW__(*/enter-scope/*)","followed_value":true},{"constraint":"@__RAW__(*/write-var/* **seirVar_eks *{{X}}*)","followed_value":true},{"constraint":"@__RAW__(*/write-var/* **seirVar_incd *{{(+ (*/read-var/* **seirVar_eks) 1)}}*)","followed_value":true},{"constraint":"@__RAW__(*/write-var/* **seirVar_four *{{4}}*)","followed_value":true},{"constraint":"@__RAW__(*/leave-scope/*)","followed_value":true},{"constraint":"@__RAW__(*/decl-var/* **seirVar_ychoose)","followed_value":true},{"constraint":"@__RAW__(*/decl-var/* **seirVar_yset)","followed_value":true}]},{"callback":"yset","path_cond_segment":[{"constraint":"@__RAW__(*/enter-scope/*)","followed_value":true},{"constraint":"@__RAW__(*/write-var/* **seirVar_yy *{{Y}}*)","followed_value":true},{"constraint":"(= (*/read-var/* **seirVar_incd) (*/read-var/* **seirVar_four))","followed_value":true},{"constraint":"(*/read-var/* **seirVar_yy)","followed_value":false},{"constraint":"@__RAW__(*/leave-scope/*)","followed_value":true},{"constraint":"@__RAW__(*/leave-scope/*)","followed_value":true},{"constraint":"@__RAW__(*/leave-scope/*)","followed_value":true},{"constraint":"@__RAW__(*/leave-scope/*)","followed_value":true}]}]}